// Jest Snapshot v1, https://goo.gl/fbAQLP

exports[`getMetaRedirect allows existing leading and trailing forward slashes 1`] = `"<script>window.location.href=\\"/toPath/\\"</script>"`;

exports[`getMetaRedirect handles deep paths 1`] = `"<script>window.location.href=\\"/a/b/c/d/\\"</script>"`;

exports[`getMetaRedirect handles offset wrapping forward slashes 1`] = `"<script>window.location.href=\\"/a/b/c/\\"</script>"`;

exports[`getMetaRedirect handles redirecting to a file 1`] = `"<script>window.location.href=\\"/test.txt\\"</script>"`;

exports[`getMetaRedirect handles redirecting to a file in a folder 1`] = `"<script>window.location.href=\\"/a/b/test.txt\\"</script>"`;

exports[`getMetaRedirect handles redirecting to root 1`] = `"<script>window.location.href=\\"/\\"</script>"`;

exports[`getMetaRedirect leaves full urls untouched 1`] = `"<script>window.location.href=\\"http://example.com\\"</script>"`;

exports[`getMetaRedirect leaves full urls untouched 2`] = `"<script>window.location.href=\\"http://example.com/\\"</script>"`;

exports[`getMetaRedirect leaves full urls untouched 3`] = `"<script>window.location.href=\\"http://example.com/a/b/c\\"</script>"`;

exports[`getMetaRedirect replaces duplicate slashes with single slash 1`] = `"<script>window.location.href=\\"/topath/a/\\"</script>"`;

exports[`getMetaRedirect trims leading and trailing whitespace 1`] = `"<script>window.location.href=\\"/toPath/\\"</script>"`;

exports[`getMetaRedirect wraps path in forward slashes 1`] = `"<script>window.location.href=\\"/toPath/\\"</script>"`;
